[[1;34mINFO[m] Scanning for projects...
[[1;33mWARNING[m] 
[[1;33mWARNING[m] Some problems were encountered while building the effective model for org.qdl-lang:language:jar:1.6-QDL-SNAPSHOT
[[1;33mWARNING[m] 'build.plugins.plugin.version' for org.apache.maven.plugins:maven-source-plugin is missing. @ line 35, column 21
[[1;33mWARNING[m] 
[[1;33mWARNING[m] It is highly recommended to fix these problems because they threaten the stability of your build.
[[1;33mWARNING[m] 
[[1;33mWARNING[m] For this reason, future Maven versions might no longer support building such malformed projects.
[[1;33mWARNING[m] 
[[1;34mINFO[m] Inspecting build with total of 1 modules
[[1;34mINFO[m] Installing Central Publishing features
[[1;34mINFO[m] 
[[1;34mINFO[m] [1m-----------------------< [0;36morg.qdl-lang:language[0;1m >------------------------[m
[[1;34mINFO[m] [1mBuilding QDL base language 1.6-QDL-SNAPSHOT[m
[[1;34mINFO[m] [1m--------------------------------[ jar ]---------------------------------[m
[[1;34mINFO[m] 
[[1;34mINFO[m] [1m--- [0;32mmaven-enforcer-plugin:1.2:enforce[m [1m(enforce-maven)[m @ [36mlanguage[0;1m ---[m
[[1;34mINFO[m] 
[[1;34mINFO[m] [1m--- [0;32mbuildnumber-maven-plugin:1.3:create[m [1m(default)[m @ [36mlanguage[0;1m ---[m
[[1;34mINFO[m] Storing buildNumber: Build: #15,442 (2026-10-08T13:59:51.460-04:00) at timestamp: 1791482391460
[[1;34mINFO[m] Storing buildScmBranch: java_17
[[1;34mINFO[m] 
[[1;34mINFO[m] [1m--- [0;32mmaven-resources-plugin:2.6:resources[m [1m(default-resources)[m @ [36mlanguage[0;1m ---[m
[[1;34mINFO[m] Using 'UTF-8' encoding to copy filtered resources.
[[1;34mINFO[m] Copying 98 resources
[[1;34mINFO[m] 
[[1;34mINFO[m] [1m--- [0;32mmaven-compiler-plugin:3.10.1:compile[m [1m(default-compile)[m @ [36mlanguage[0;1m ---[m
[[1;34mINFO[m] Changes detected - recompiling the module!
[[1;34mINFO[m] Compiling 361 source files to /home/ncsa/dev/ncsa-git/qdl/language/target/classes
[[1;34mINFO[m] /home/ncsa/dev/ncsa-git/qdl/language/src/main/java/org/qdl_lang/variables/VStack.java: Some input files use or override a deprecated API.
[[1;34mINFO[m] /home/ncsa/dev/ncsa-git/qdl/language/src/main/java/org/qdl_lang/variables/VStack.java: Recompile with -Xlint:deprecation for details.
[[1;34mINFO[m] /home/ncsa/dev/ncsa-git/qdl/language/src/main/java/org/qdl_lang/variables/values/QDLValue.java: Some input files use unchecked or unsafe operations.
[[1;34mINFO[m] /home/ncsa/dev/ncsa-git/qdl/language/src/main/java/org/qdl_lang/variables/values/QDLValue.java: Recompile with -Xlint:unchecked for details.
[[1;34mINFO[m] 
[[1;34mINFO[m] [1m--- [0;32mmaven-resources-plugin:2.6:testResources[m [1m(default-testResources)[m @ [36mlanguage[0;1m ---[m
[[1;34mINFO[m] Using 'UTF-8' encoding to copy filtered resources.
[[1;34mINFO[m] Copying 0 resource
[[1;34mINFO[m] 
[[1;34mINFO[m] [1m--- [0;32mmaven-compiler-plugin:3.10.1:testCompile[m [1m(default-testCompile)[m @ [36mlanguage[0;1m ---[m
[[1;34mINFO[m] No sources to compile
[[1;34mINFO[m] 
[[1;34mINFO[m] [1m--- [0;32mmaven-surefire-plugin:3.2.5:test[m [1m(default-test)[m @ [36mlanguage[0;1m ---[m
[[1;34mINFO[m] 
[[1;34mINFO[m] [1m--- [0;32mmaven-jar-plugin:2.4:jar[m [1m(default-jar)[m @ [36mlanguage[0;1m ---[m
[[1;34mINFO[m] Building jar: /home/ncsa/dev/ncsa-git/qdl/language/target/qdl.jar
[[1;34mINFO[m] 
[[1;34mINFO[m] [1m>>> [0;32mmaven-source-plugin:3.4.0:jar[m [1m(attach-sources)[0;1m > [0;1mgenerate-sources[m @ [36mlanguage[0;1m >>>[m
[[1;34mINFO[m] 
[[1;34mINFO[m] [1m--- [0;32mmaven-enforcer-plugin:1.2:enforce[m [1m(enforce-maven)[m @ [36mlanguage[0;1m ---[m
[[1;34mINFO[m] 
[[1;34mINFO[m] [1m--- [0;32mbuildnumber-maven-plugin:1.3:create[m [1m(default)[m @ [36mlanguage[0;1m ---[m
[[1;34mINFO[m] Storing buildNumber: Build: #15,443 (2026-10-08T13:59:55.142-04:00) at timestamp: 1791482395142
[[1;34mINFO[m] Storing buildScmBranch: java_17
[[1;34mINFO[m] 
[[1;34mINFO[m] [1m<<< [0;32mmaven-source-plugin:3.4.0:jar[m [1m(attach-sources)[0;1m < [0;1mgenerate-sources[m @ [36mlanguage[0;1m <<<[m
[[1;34mINFO[m] 
[[1;34mINFO[m] 
[[1;34mINFO[m] [1m--- [0;32mmaven-source-plugin:3.4.0:jar[m [1m(attach-sources)[m @ [36mlanguage[0;1m ---[m
[[1;34mINFO[m] Building jar: /home/ncsa/dev/ncsa-git/qdl/language/target/qdl-sources.jar
[[1;34mINFO[m] 
[[1;34mINFO[m] [1m--- [0;32mmaven-javadoc-plugin:3.11.3:jar[m [1m(attach-javadocs)[m @ [36mlanguage[0;1m ---[m
[[1;33mWARNING[m] Javadoc 1.4+ doesn't support the -1.1 switch anymore. Ignore this option.
[[1;33mWARNING[m] Javadoc Warnings
[[1;33mWARNING[m] /home/ncsa/dev/ncsa-git/qdl/language/src/main/java/org/qdl_lang/extensions/crypto/Crypto.java:812: warning: Tag @param cannot be used in field documentation.  It can only be used in the following types of documentation: class/interface, constructor, method.
[[1;33mWARNING[m] * @param rightArg
[[1;33mWARNING[m] ^
[[1;33mWARNING[m] /home/ncsa/dev/ncsa-git/qdl/language/src/main/java/org/qdl_lang/extensions/crypto/Crypto.java:813: warning: Tag @param cannot be used in field documentation.  It can only be used in the following types of documentation: class/interface, constructor, method.
[[1;33mWARNING[m] * @param cipher
[[1;33mWARNING[m] ^
[[1;33mWARNING[m] /home/ncsa/dev/ncsa-git/qdl/language/src/main/java/org/qdl_lang/extensions/crypto/Crypto.java:814: warning: Tag @param cannot be used in field documentation.  It can only be used in the following types of documentation: class/interface, constructor, method.
[[1;33mWARNING[m] * @param jsonWebKey
[[1;33mWARNING[m] ^
[[1;33mWARNING[m] /home/ncsa/dev/ncsa-git/qdl/language/src/main/java/org/qdl_lang/extensions/crypto/Crypto.java:815: warning: Tag @param cannot be used in field documentation.  It can only be used in the following types of documentation: class/interface, constructor, method.
[[1;33mWARNING[m] * @param usePrivateKey
[[1;33mWARNING[m] ^
[[1;33mWARNING[m] /home/ncsa/dev/ncsa-git/qdl/language/src/main/java/org/qdl_lang/extensions/crypto/Crypto.java:816: warning: Tag @param cannot be used in field documentation.  It can only be used in the following types of documentation: class/interface, constructor, method.
[[1;33mWARNING[m] * @param doDecrypt
[[1;33mWARNING[m] ^
[[1;33mWARNING[m] /home/ncsa/dev/ncsa-git/qdl/language/src/main/java/org/qdl_lang/extensions/crypto/Crypto.java:817: warning: Tag @return cannot be used in field documentation.  It can only be used in the following types of documentation: method.
[[1;33mWARNING[m] * @return
[[1;33mWARNING[m] ^
[[1;33mWARNING[m] /home/ncsa/dev/ncsa-git/qdl/language/src/main/java/org/qdl_lang/extensions/QDLVariable.java:38: warning: reference not found: edu.uiuc.ncsa.qdl.variables.QDLSet
[[1;33mWARNING[m] * {@link String}, {@link Long}, {@link BigDecimal}, {@link edu.uiuc.ncsa.qdl.variables.QDLSet}
[[1;33mWARNING[m] ^
[[1;33mWARNING[m] /home/ncsa/dev/ncsa-git/qdl/language/src/main/java/org/qdl_lang/extensions/QDLVariable.java:38: warning: reference not found: edu.uiuc.ncsa.qdl.variables.QDLSet
[[1;33mWARNING[m] * {@link String}, {@link Long}, {@link BigDecimal}, {@link edu.uiuc.ncsa.qdl.variables.QDLSet}
[[1;33mWARNING[m] ^
[[1;33mWARNING[m] /home/ncsa/dev/ncsa-git/qdl/language/src/main/java/org/qdl_lang/install/ListDistroFiles.java:65: warning: @return tag cannot be used in method with void return type.
[[1;33mWARNING[m] protected void createFileList(File rootDirectory) {
[[1;33mWARNING[m] ^
[[1;33mWARNING[m] /home/ncsa/dev/ncsa-git/qdl/language/src/main/java/org/qdl_lang/extensions/QDLVariable.java:38: warning: reference not found: edu.uiuc.ncsa.qdl.variables.QDLSet
[[1;33mWARNING[m] * {@link String}, {@link Long}, {@link BigDecimal}, {@link edu.uiuc.ncsa.qdl.variables.QDLSet}
[[1;33mWARNING[m] ^
[[1;33mWARNING[m] /home/ncsa/dev/ncsa-git/qdl/language/src/main/java/org/qdl_lang/extensions/QDLVariable.java:38: warning: reference not found: edu.uiuc.ncsa.qdl.variables.QDLSet
[[1;33mWARNING[m] * {@link String}, {@link Long}, {@link BigDecimal}, {@link edu.uiuc.ncsa.qdl.variables.QDLSet}
[[1;33mWARNING[m] ^
[[1;33mWARNING[m] /home/ncsa/dev/ncsa-git/qdl/language/src/main/java/org/qdl_lang/extensions/QDLVariable.java:38: warning: reference not found: edu.uiuc.ncsa.qdl.variables.QDLSet
[[1;33mWARNING[m] * {@link String}, {@link Long}, {@link BigDecimal}, {@link edu.uiuc.ncsa.qdl.variables.QDLSet}
[[1;33mWARNING[m] ^
[[1;33mWARNING[m] /home/ncsa/dev/ncsa-git/qdl/language/src/main/java/org/qdl_lang/gui/editor/QDLEditor.java:199: warning: unknown tag. Unregistered custom tag?
[[1;33mWARNING[m] * @noinspection ALL
[[1;33mWARNING[m] ^
[[1;33mWARNING[m] /home/ncsa/dev/ncsa-git/qdl/language/src/main/java/org/qdl_lang/variables/QDLList.java:309: warning: invalid input: '<'
[[1;33mWARNING[m] * Used in cases where the index < 0 and we have to compute it relative to the other indices.
[[1;33mWARNING[m] ^
[[1;33mWARNING[m] /home/ncsa/dev/ncsa-git/qdl/language/src/main/java/org/qdl_lang/variables/QDLList.java:243: warning: invalid input: '<'
[[1;33mWARNING[m] * Fill this list with size elements from the fill array. If size<length(fill)
[[1;33mWARNING[m] ^
[[1;33mWARNING[m] /home/ncsa/dev/ncsa-git/qdl/language/src/main/java/org/qdl_lang/variables/QDLList.java:309: warning: invalid input: '<'
[[1;33mWARNING[m] * Used in cases where the index < 0 and we have to compute it relative to the other indices.
[[1;33mWARNING[m] ^
[[1;33mWARNING[m] /home/ncsa/dev/ncsa-git/qdl/language/src/main/java/org/qdl_lang/extensions/QDLVariable.java:38: warning: reference not found: edu.uiuc.ncsa.qdl.variables.QDLSet
[[1;33mWARNING[m] * {@link String}, {@link Long}, {@link BigDecimal}, {@link edu.uiuc.ncsa.qdl.variables.QDLSet}
[[1;33mWARNING[m] ^
[[1;33mWARNING[m] /home/ncsa/dev/ncsa-git/qdl/language/src/main/java/org/qdl_lang/extensions/QDLVariable.java:38: warning: reference not found: edu.uiuc.ncsa.qdl.variables.QDLSet
[[1;33mWARNING[m] * {@link String}, {@link Long}, {@link BigDecimal}, {@link edu.uiuc.ncsa.qdl.variables.QDLSet}
[[1;33mWARNING[m] ^
[[1;33mWARNING[m] /home/ncsa/dev/ncsa-git/qdl/language/src/main/java/org/qdl_lang/extensions/QDLVariable.java:38: warning: reference not found: edu.uiuc.ncsa.qdl.variables.QDLSet
[[1;33mWARNING[m] * {@link String}, {@link Long}, {@link BigDecimal}, {@link edu.uiuc.ncsa.qdl.variables.QDLSet}
[[1;33mWARNING[m] ^
[[1;33mWARNING[m] /home/ncsa/dev/ncsa-git/qdl/language/src/main/java/org/qdl_lang/evaluate/StemEvaluator.java:2163: warning: unknown tag. Mistyped @deprecated or an unregistered custom tag?
[[1;33mWARNING[m] * @Deprecated
[[1;33mWARNING[m] ^
[[1;33mWARNING[m] /home/ncsa/dev/ncsa-git/qdl/language/src/main/java/org/qdl_lang/extensions/QDLVariable.java:38: warning: reference not found: edu.uiuc.ncsa.qdl.variables.QDLSet
[[1;33mWARNING[m] * {@link String}, {@link Long}, {@link BigDecimal}, {@link edu.uiuc.ncsa.qdl.variables.QDLSet}
[[1;33mWARNING[m] ^
[[1;33mWARNING[m] /home/ncsa/dev/ncsa-git/qdl/language/src/main/java/org/qdl_lang/gui/SwingTerminal.java:240: warning: unknown tag. Unregistered custom tag?
[[1;33mWARNING[m] * @noinspection ALL
[[1;33mWARNING[m] ^
[[1;33mWARNING[m] /home/ncsa/dev/ncsa-git/qdl/language/src/main/java/org/qdl_lang/exceptions/package-info.java:2: warning: reference not found: edu.uiuc.ncsa.qdl.exceptions.QDLException
[[1;33mWARNING[m] * All of the exceptions for QDL. These all extend {@link edu.uiuc.ncsa.qdl.exceptions.QDLException}.
[[1;33mWARNING[m] ^
[[1;33mWARNING[m] /home/ncsa/dev/ncsa-git/qdl/language/src/main/java/org/qdl_lang/variables/QDLList.java:309: warning: invalid input: '<'
[[1;33mWARNING[m] * Used in cases where the index < 0 and we have to compute it relative to the other indices.
[[1;33mWARNING[m] ^
[[1;33mWARNING[m] The generated documentation contains diagnostic markers for invalid input.
[[1;33mWARNING[m] 24 warnings
[[1;34mINFO[m] Building jar: /home/ncsa/dev/ncsa-git/qdl/language/target/qdl-javadoc.jar
[[1;34mINFO[m] 
[[1;34mINFO[m] [1m--- [0;32mmaven-assembly-plugin:3.1.0:single[m [1m(make-my-jar-with-dependencies)[m @ [36mlanguage[0;1m ---[m
[[1;34mINFO[m] Building jar: /home/ncsa/dev/ncsa-git/qdl/language/target/qdl-jar-with-dependencies.jar
[[1;34mINFO[m] [1m------------------------------------------------------------------------[m
[[1;34mINFO[m] [1;32mBUILD SUCCESS[m
[[1;34mINFO[m] [1m------------------------------------------------------------------------[m
[[1;34mINFO[m] Total time:  15.917 s
[[1;34mINFO[m] Finished at: 2026-10-08T14:00:06-04:00
[[1;34mINFO[m] [1m------------------------------------------------------------------------[m
